{"logTime": "0331/064143", "correlationVector":"qXuWa2tp58LuUcMjkH4Np3.1","action":"SyncServerConnectionManagerRequest", "result":"SYNC_SERVER_OK", "context":{"environment":"Prod_southeastasia_prod-s01-064-apac-southeastasia", "migrationStage":"NotStarted", "server":"akswtt112000008"}}
{"logTime": "0331/064143", "correlationVector":"qXuWa2tp58LuUcMjkH4Np3.2","action":"ProcessGetUpdates", "result":"Done", "context":{"dataType":"Encryption Keys", "deleted":"0", "process_failed_to_decrypt":"0", "process_pending_decryption":"0", "process_success":"1", "total":"1"}}
{"logTime": "0331/064144", "correlationVector":"rOobUiT4NWYnlY044X7R2A","action":"SyncServerConnectionManagerRequest", "result":"SYNC_SERVER_OK", "context":{"environment":"", "migrationStage":"", "server":""}}
{"logTime": "0331/064144", "correlationVector":"rOobUiT4NWYnlY044X7R2A.0","action":"EncryptionKeysFetcher.DownloadKeys:", "result":"Success", "context":Key count: 3, Last key timestamp: 2025-12-03T01:11:53Z}
{"logTime": "0331/064145", "correlationVector":"rOobUiT4NWYnlY044X7R2A.1","action":"EncryptionKeysManager::SetEncryptionKeys:", "result":"Success", "context":Key names[3]:[XxyDxbccPtac6dUMglvZxDouFKjN7GFItBx6T1/Q8wnBkZcFoF0yURJTm9/DGTEaNpKXxkQ3qYKLqr6NNjNN4Q==][Q7IFR6pbnyqj1HVmootmkDf6IavKy04vD8aI7R3iBMs0XZu01cLkub7itmqG2FMSpSbS0dy6APgkcjTzvjWzMQ==][2Py/5iqt5gSXWt9ZWU0m9mtuNq9Oja8yyIbsCzY62+bdWPbRurx4+zlyfJNJ2CIrbt4v6xJvdi8taA/+mAlYPQ==]}
{"logTime": "0331/064145", "correlationVector":"rOobUiT4NWYnlY044X7R2A.2","action":"EncryptionKeysManager::SetEncryptionKeysWithTimestamps:", "result":"Success", "context":Key timestamps[3]:[2025-05-29T00:13:08Z][2025-06-02T13:27:39Z][2025-12-03T01:11:53Z]}
{"logTime": "0331/064145", "correlationVector":"qXuWa2tp58LuUcMjkH4Np3","action":"Initial GetUpdates", "result":"", "context":Reason: NEW_CLIENT. cV=qXuWa2tp58LuUcMjkH4Np3}
{"logTime": "0331/064145", "correlationVector":"qXuWa2tp58LuUcMjkH4Np3.3","action":"GetUpdates Response", "result":"Success", "context":Received 1 update(s). cV=qXuWa2tp58LuUcMjkH4Np3.0;server=akswtt112000008;cloudType=Consumer;environment=Prod_southeastasia_prod-s01-064-apac-southeastasia;migrationStage=NotStarted}
{"logTime": "0331/064145", "correlationVector":"QSWYhUsyYciDjnpwVrTtMc","action":"Initial GetUpdates", "result":"", "context":Reason: NEWLY_SUPPORTED_DATATYPE. cV=QSWYhUsyYciDjnpwVrTtMc}
{"logTime": "0331/064146", "correlationVector":"QSWYhUsyYciDjnpwVrTtMc.1","action":"SyncServerConnectionManagerRequest", "result":"SYNC_SERVER_OK", "context":{"environment":"Prod_southeastasia_prod-s01-065-apac-southeastasia", "migrationStage":"NotStarted", "server":"akswtt11200000j"}}
{"logTime": "0331/064146", "correlationVector":"QSWYhUsyYciDjnpwVrTtMc.2","action":"ProcessGetUpdates", "result":"Done", "context":{"dataType":"Preferences", "deleted":"0", "process_failed_to_decrypt":"0", "process_pending_decryption":"0", "process_success":"52", "total":"52"}}
{"logTime": "0331/064146", "correlationVector":"QSWYhUsyYciDjnpwVrTtMc.3","action":"ProcessGetUpdates", "result":"Done", "context":{"dataType":"Passwords", "deleted":"0", "process_failed_to_decrypt":"0", "process_pending_decryption":"0", "process_success":"6", "total":"6"}}
{"logTime": "0331/064146", "correlationVector":"QSWYhUsyYciDjnpwVrTtMc.4","action":"ProcessGetUpdates", "result":"Done", "context":{"dataType":"Device Info", "deleted":"0", "process_failed_to_decrypt":"0", "process_pending_decryption":"0", "process_success":"4", "total":"4"}}
{"logTime": "0331/064146", "correlationVector":"QSWYhUsyYciDjnpwVrTtMc.5","action":"GetUpdates Response", "result":"Success", "context":Received 62 update(s). cV=QSWYhUsyYciDjnpwVrTtMc.0;server=akswtt11200000j;cloudType=Consumer;environment=Prod_southeastasia_prod-s01-065-apac-southeastasia;migrationStage=NotStarted}
{"logTime": "0331/064146", "correlationVector":"gzRdiuXd6dhFZ6kI/iqJv0","action":"Initial GetUpdates", "result":"", "context":Reason: NEWLY_SUPPORTED_DATATYPE. cV=gzRdiuXd6dhFZ6kI/iqJv0}
{"logTime": "0331/064147", "correlationVector":"gzRdiuXd6dhFZ6kI/iqJv0.1","action":"SyncServerConnectionManagerRequest", "result":"SYNC_SERVER_OK", "context":{"environment":"Prod_southeastasia_prod-s01-065-apac-southeastasia", "migrationStage":"NotStarted", "server":"akswtt11200000l"}}
{"logTime": "0331/064147", "correlationVector":"gzRdiuXd6dhFZ6kI/iqJv0.2","action":"ProcessGetUpdates", "result":"Done", "context":{"dataType":"Bookmarks", "deleted":"0", "process_failed_to_decrypt":"0", "process_pending_decryption":"0", "process_success":"14", "total":"14"}}
{"logTime": "0331/064147", "correlationVector":"gzRdiuXd6dhFZ6kI/iqJv0.3","action":"GetUpdates Response", "result":"Success", "context":Received 14 update(s). cV=gzRdiuXd6dhFZ6kI/iqJv0.0;server=akswtt11200000l;cloudType=Consumer;environment=Prod_southeastasia_prod-s01-065-apac-southeastasia;migrationStage=NotStarted}
{"logTime": "0331/064147", "correlationVector":"gz3ej2kTlopl74j8NQhDfO","action":"Initial GetUpdates", "result":"", "context":Reason: NEWLY_SUPPORTED_DATATYPE. cV=gz3ej2kTlopl74j8NQhDfO}
{"logTime": "0331/064156", "correlationVector":"gz3ej2kTlopl74j8NQhDfO.1","action":"SyncServerConnectionManagerRequest", "result":"SYNC_SERVER_OK", "context":{"environment":"Prod_japanwest_prod-s01-066-apac-japanwest", "migrationStage":"NotStarted", "server":"akswtt11200000t"}}
{"logTime": "0331/064156", "correlationVector":"gz3ej2kTlopl74j8NQhDfO.2","action":"ProcessGetUpdates", "result":"Done", "context":{"dataType":"Autofill Profiles", "deleted":"0", "process_failed_to_decrypt":"0", "process_pending_decryption":"0", "process_success":"2", "total":"2"}}
{"logTime": "0331/064156", "correlationVector":"gz3ej2kTlopl74j8NQhDfO.3","action":"ProcessGetUpdates", "result":"Done", "context":{"dataType":"Autofill", "deleted":"0", "process_failed_to_decrypt":"0", "process_pending_decryption":"0", "process_success":"245", "total":"245"}}
{"logTime": "0331/064156", "correlationVector":"gz3ej2kTlopl74j8NQhDfO.4","action":"ProcessGetUpdates", "result":"Done", "context":{"dataType":"Extension settings", "deleted":"0", "process_failed_to_decrypt":"0", "process_pending_decryption":"0", "process_success":"3", "total":"3"}}
{"logTime": "0331/064156", "correlationVector":"gz3ej2kTlopl74j8NQhDfO.5","action":"GetUpdates Response", "result":"Success", "context":Received 250 update(s). cV=gz3ej2kTlopl74j8NQhDfO.0;server=akswtt11200000t;cloudType=Consumer;environment=Prod_japanwest_prod-s01-066-apac-japanwest;migrationStage=NotStarted Some updates remain.}
{"logTime": "0331/064156", "correlationVector":"CsjG9UGkvoOGo1CVNDdp6N","action":"Initial GetUpdates", "result":"", "context":Reason: NEWLY_SUPPORTED_DATATYPE. cV=CsjG9UGkvoOGo1CVNDdp6N}
{"logTime": "0331/064159", "correlationVector":"CsjG9UGkvoOGo1CVNDdp6N.1","action":"SyncServerConnectionManagerRequest", "result":"SYNC_SERVER_OK", "context":{"environment":"Prod_southeastasia_prod-s01-065-apac-southeastasia", "migrationStage":"NotStarted", "server":"akswtt112000013"}}
{"logTime": "0331/064159", "correlationVector":"CsjG9UGkvoOGo1CVNDdp6N.2","action":"ProcessGetUpdates", "result":"Done", "context":{"dataType":"Autofill Profiles", "deleted":"0", "process_failed_to_decrypt":"0", "process_pending_decryption":"0", "process_success":"2", "total":"2"}}
{"logTime": "0331/064159", "correlationVector":"CsjG9UGkvoOGo1CVNDdp6N.3","action":"ProcessGetUpdates", "result":"Done", "context":{"dataType":"Autofill", "deleted":"0", "process_failed_to_decrypt":"0", "process_pending_decryption":"0", "process_success":"155", "total":"155"}}
{"logTime": "0331/064159", "correlationVector":"CsjG9UGkvoOGo1CVNDdp6N.4","action":"ProcessGetUpdates", "result":"Done", "context":{"dataType":"Extensions", "deleted":"0", "process_failed_to_decrypt":"0", "process_pending_decryption":"0", "process_success":"2", "total":"2"}}
{"logTime": "0331/064159", "correlationVector":"CsjG9UGkvoOGo1CVNDdp6N.5","action":"ProcessGetUpdates", "result":"Done", "context":{"dataType":"Sessions", "deleted":"83", "process_failed_to_decrypt":"0", "process_pending_decryption":"0", "process_success":"83", "total":"83"}}
{"logTime": "0331/064159", "correlationVector":"CsjG9UGkvoOGo1CVNDdp6N.6","action":"ProcessGetUpdates", "result":"Done", "context":{"dataType":"Edge Hub App Usage", "deleted":"3", "process_failed_to_decrypt":"0", "process_pending_decryption":"0", "process_success":"8", "total":"8"}}
{"logTime": "0331/064159", "correlationVector":"CsjG9UGkvoOGo1CVNDdp6N.7","action":"GetUpdates Response", "result":"Success", "context":Received 250 update(s). cV=CsjG9UGkvoOGo1CVNDdp6N.0;server=akswtt112000013;cloudType=Consumer;environment=Prod_southeastasia_prod-s01-065-apac-southeastasia;migrationStage=NotStarted Some updates remain.}
{"logTime": "0331/064159", "correlationVector":"4fNIEaufPNxCj2g9t1Ikjn","action":"Initial GetUpdates", "result":"", "context":Reason: NEWLY_SUPPORTED_DATATYPE. cV=4fNIEaufPNxCj2g9t1Ikjn}
{"logTime": "0331/064159", "correlationVector":"4fNIEaufPNxCj2g9t1Ikjn.1","action":"SyncServerConnectionManagerRequest", "result":"SYNC_SERVER_OK", "context":{"environment":"Prod_southeastasia_prod-s01-065-apac-southeastasia", "migrationStage":"NotStarted", "server":"akswtt112000002"}}
{"logTime": "0331/064159", "correlationVector":"4fNIEaufPNxCj2g9t1Ikjn.2","action":"ProcessGetUpdates", "result":"Done", "context":{"dataType":"Sessions", "deleted":"24", "process_failed_to_decrypt":"0", "process_pending_decryption":"0", "process_success":"28", "total":"28"}}
{"logTime": "0331/064159", "correlationVector":"4fNIEaufPNxCj2g9t1Ikjn.3","action":"GetUpdates Response", "result":"Success", "context":Received 28 update(s). cV=4fNIEaufPNxCj2g9t1Ikjn.0;server=akswtt112000002;cloudType=Consumer;environment=Prod_southeastasia_prod-s01-065-apac-southeastasia;migrationStage=NotStarted}
{"logTime": "0331/064159", "correlationVector":"Ujhbz+2VkqjfadMvQVN0Vv","action":"Initial GetUpdates", "result":"", "context":Reason: NEWLY_SUPPORTED_DATATYPE. cV=Ujhbz+2VkqjfadMvQVN0Vv}
{"logTime": "0331/064201", "correlationVector":"Ujhbz+2VkqjfadMvQVN0Vv.1","action":"SyncServerConnectionManagerRequest", "result":"SYNC_SERVER_OK", "context":{"environment":"Prod_australiaeast_prod-s01-011-apac-australiaeast", "migrationStage":"NotStarted", "server":"akswtt02700000t"}}
{"logTime": "0331/064201", "correlationVector":"Ujhbz+2VkqjfadMvQVN0Vv.2","action":"ProcessGetUpdates", "result":"Done", "context":{"dataType":"History", "deleted":"0", "process_failed_to_decrypt":"0", "process_pending_decryption":"0", "process_success":"144", "total":"144"}}
{"logTime": "0331/064201", "correlationVector":"Ujhbz+2VkqjfadMvQVN0Vv.3","action":"GetUpdates Response", "result":"Success", "context":Received 144 update(s). cV=Ujhbz+2VkqjfadMvQVN0Vv.0;server=akswtt02700000t;cloudType=Consumer;environment=Prod_australiaeast_prod-s01-011-apac-australiaeast;migrationStage=NotStarted}
{"logTime": "0331/064201", "correlationVector":"stpQIqte21GC6AmXVt+ZLe","action":"Normal GetUpdate request", "result":"", "context":cV=stpQIqte21GC6AmXVt+ZLe
Nudged types: Sessions, Device Info, User Consents
Refresh requested types: Bookmarks, Preferences, Passwords, Autofill Profiles, Autofill, Extensions, Sessions, Extension settings, History Delete Directives, Device Info, User Consents, Send Tab To Self, Web Apps, History, Saved Tab Group, WebAuthn Credentials, Collection, Edge E Drop, Edge Hub App Usage, Edge Wallet, Edge Workspace, Encryption Keys}
{"logTime": "0331/064201", "correlationVector":"stpQIqte21GC6AmXVt+ZLe.1","action":"SyncServerConnectionManagerRequest", "result":"SYNC_SERVER_OK", "context":{"environment":"Prod_southeastasia_prod-s01-064-apac-southeastasia", "migrationStage":"NotStarted", "server":"akswtt11200000g"}}
{"logTime": "0331/064201", "correlationVector":"stpQIqte21GC6AmXVt+ZLe.2","action":"GetUpdates Response", "result":"Success", "context":Received 0 update(s). cV=stpQIqte21GC6AmXVt+ZLe.0;server=akswtt11200000g;cloudType=Consumer;environment=Prod_southeastasia_prod-s01-064-apac-southeastasia;migrationStage=NotStarted}
{"logTime": "0331/064201", "correlationVector":"8WCJR7raLYCWj44npVnpGG","action":"DoCompareDataConsistency requsted types: ", "result":"Bookmarks, Preferences, Passwords, Extensions, Extension settings, History Delete Directives, Send Tab To Self, Web Apps, History, Saved Tab Group, WebAuthn Credentials, Collection, Edge E Drop, Edge Wallet, Edge Workspace, Encryption Keys"}
{"logTime": "0331/064201", "correlationVector":"8WCJR7raLYCWj44npVnpGG.0","action":"CompareDataConsistency result: ", "result":"Compare result: Encryption Keys is consistent. local entities count is: 1 local entities hash is: LxlPVemSf+KtCj9fr16l+q44eR8="}
{"logTime": "0331/064201", "correlationVector":"8WCJR7raLYCWj44npVnpGG.1","action":"CompareDataConsistency result: ", "result":"Compare result: Bookmarks is consistent. local entities count is: 8 local entities hash is: 4jcYJLi2j0VwGLWcmnPesPchJ3c="}
{"logTime": "0331/064201", "correlationVector":"8WCJR7raLYCWj44npVnpGG.2","action":"CompareDataConsistency result: ", "result":"Compare result: Preferences is consistent. local entities count is: 52 local entities hash is: Sdc09nU+0cb60OAWhgS+ytrhGPA="}
{"logTime": "0331/064201", "correlationVector":"8WCJR7raLYCWj44npVnpGG.3","action":"CompareDataConsistency result: ", "result":"Compare result: Extensions is consistent. local entities count is: 2 local entities hash is: HShlLBIvODRrKLQtMpqajPRpEFU="}
{"logTime": "0331/064201", "correlationVector":"8WCJR7raLYCWj44npVnpGG.4","action":"CompareDataConsistency result: ", "result":"Compare result: Extension settings is consistent. local entities count is: 3 local entities hash is: vS8kq6cGz4733H1YC5qTMdBIFPU="}
{"logTime": "0331/064201", "correlationVector":"8WCJR7raLYCWj44npVnpGG.5","action":"CompareDataConsistency result: ", "result":"Compare result: History Delete Directives is consistent. local entities count is: 0 local entities hash is: "}
{"logTime": "0331/064201", "correlationVector":"8WCJR7raLYCWj44npVnpGG.6","action":"CompareDataConsistency result: ", "result":"Server did not send this Send Tab To Self local entities count is: 0 local entities hash is: "}
{"logTime": "0331/064201", "correlationVector":"8WCJR7raLYCWj44npVnpGG.7","action":"CompareDataConsistency result: ", "result":"Compare result: Web Apps is consistent. local entities count is: 0 local entities hash is: "}
{"logTime": "0331/064201", "correlationVector":"8WCJR7raLYCWj44npVnpGG.8","action":"CompareDataConsistency result: ", "result":"Server did not send this History local entities count is: 0 local entities hash is: "}
{"logTime": "0331/064201", "correlationVector":"8WCJR7raLYCWj44npVnpGG.9","action":"CompareDataConsistency result: ", "result":"Compare result: Saved Tab Group is consistent. local entities count is: 0 local entities hash is: "}
{"logTime": "0331/064201", "correlationVector":"8WCJR7raLYCWj44npVnpGG.10","action":"CompareDataConsistency result: ", "result":"Server did not send this WebAuthn Credentials local entities count is: 0 local entities hash is: "}
{"logTime": "0331/064201", "correlationVector":"8WCJR7raLYCWj44npVnpGG.11","action":"CompareDataConsistency result: ", "result":"Compare result: Collection is consistent. local entities count is: 0 local entities hash is: "}
{"logTime": "0331/064201", "correlationVector":"8WCJR7raLYCWj44npVnpGG.12","action":"CompareDataConsistency result: ", "result":"Compare result: Edge E Drop is consistent. local entities count is: 0 local entities hash is: "}
{"logTime": "0331/064201", "correlationVector":"8WCJR7raLYCWj44npVnpGG.13","action":"CompareDataConsistency result: ", "result":"Compare result: Edge Wallet is consistent. local entities count is: 0 local entities hash is: "}
{"logTime": "0331/064201", "correlationVector":"8WCJR7raLYCWj44npVnpGG.14","action":"CompareDataConsistency result: ", "result":"Server did not send this Edge Workspace local entities count is: 0 local entities hash is: "}
{"logTime": "0331/064201", "correlationVector":"8WCJR7raLYCWj44npVnpGG.15","action":"CompareDataConsistency result: ", "result":"Compare result: Passwords is consistent. local entities count is: 6 local entities hash is: cZAReeq1EGgF19F/pGiP3TH1I9A="}
{"logTime": "0331/064201", "correlationVector":"FdLLfwsTn7P6S7uuRnc2f9","action":"Commit Request", "result":"", "context":Item count: 5
Contributing types: Sessions, Device Info, User Consents}
{"logTime": "0331/064204", "correlationVector":"FdLLfwsTn7P6S7uuRnc2f9.1","action":"SyncServerConnectionManagerRequest", "result":"SYNC_SERVER_OK", "context":{"environment":"Prod_southeastasia_prod-s01-064-apac-southeastasia", "migrationStage":"NotStarted", "server":"akswtt11200000o"}}
{"logTime": "0331/064204", "correlationVector":"FdLLfwsTn7P6S7uuRnc2f9.2","action":"Commit Response", "result":"Success", "context":Result: Success. cV=FdLLfwsTn7P6S7uuRnc2f9.0;server=akswtt11200000o;cloudType=Consumer;environment=Prod_southeastasia_prod-s01-064-apac-southeastasia;migrationStage=NotStarted}
{"logTime": "0331/064204", "correlationVector":"","action":"DIAGNOSTIC_REQUEST|v1/diagnosticData/Diagnostic.SendCheckResult()|SUCCESS", "result":""}
{"logTime": "0331/064210", "correlationVector":"pG1u4uTNxh+uMZB7fs/Llz","action":"Commit Request", "result":"", "context":Item count: 2
Contributing types: Passwords}
{"logTime": "0331/064211", "correlationVector":"pG1u4uTNxh+uMZB7fs/Llz.1","action":"SyncServerConnectionManagerRequest", "result":"SYNC_SERVER_OK", "context":{"environment":"Prod_southeastasia_prod-s01-065-apac-southeastasia", "migrationStage":"NotStarted", "server":"akswtt11200000n"}}
{"logTime": "0331/064211", "correlationVector":"pG1u4uTNxh+uMZB7fs/Llz.2","action":"Commit Response", "result":"Success", "context":Result: Success. cV=pG1u4uTNxh+uMZB7fs/Llz.0;server=akswtt11200000n;cloudType=Consumer;environment=Prod_southeastasia_prod-s01-065-apac-southeastasia;migrationStage=NotStarted}
{"logTime": "0331/064331", "correlationVector":"iG65i6yZLb9AEZRtfs72TS","action":"Commit Request", "result":"", "context":Item count: 6
Contributing types: Sessions, History}
{"logTime": "0331/064332", "correlationVector":"iG65i6yZLb9AEZRtfs72TS.1","action":"SyncServerConnectionManagerRequest", "result":"SYNC_SERVER_OK", "context":{"environment":"Prod_southeastasia_prod-s01-064-apac-southeastasia", "migrationStage":"NotStarted", "server":"akswtt11200000u"}}
{"logTime": "0331/064332", "correlationVector":"iG65i6yZLb9AEZRtfs72TS.2","action":"Commit Response", "result":"Success", "context":Result: Success. cV=iG65i6yZLb9AEZRtfs72TS.0;server=akswtt11200000u;cloudType=Consumer;environment=Prod_southeastasia_prod-s01-064-apac-southeastasia;migrationStage=NotStarted}
{"logTime": "0331/064557", "correlationVector":"WJLxU2PzykXHjSVl0qsycF","action":"Commit Request", "result":"", "context":Item count: 7
Contributing types: Sessions, History}
{"logTime": "0331/064558", "correlationVector":"WJLxU2PzykXHjSVl0qsycF.1","action":"SyncServerConnectionManagerRequest", "result":"SYNC_SERVER_OK", "context":{"environment":"Prod_southeastasia_prod-s01-065-apac-southeastasia", "migrationStage":"NotStarted", "server":"akswtt112000011"}}
{"logTime": "0331/064558", "correlationVector":"WJLxU2PzykXHjSVl0qsycF.2","action":"Commit Response", "result":"Success", "context":Result: Success. cV=WJLxU2PzykXHjSVl0qsycF.0;server=akswtt112000011;cloudType=Consumer;environment=Prod_southeastasia_prod-s01-065-apac-southeastasia;migrationStage=NotStarted}
