2026-03-31 06:41:10.457: [INFO][Sync] Reset engine, reason: 8
2026-03-31 06:41:10.457: [INFO][Sync] Stopped: Bookmarks
2026-03-31 06:41:10.457: [INFO][Sync] Stopped: Preferences
2026-03-31 06:41:10.457: [INFO][Sync] Stopped: Passwords
2026-03-31 06:41:10.457: [INFO][Sync] Stopped: Autofill Profiles
2026-03-31 06:41:10.457: [INFO][Sync] Stopped: Autofill
2026-03-31 06:41:10.457: [INFO][Sync] Stopped: Extensions
2026-03-31 06:41:10.457: [INFO][Sync] Stopped: Sessions
2026-03-31 06:41:10.457: [INFO][Sync] Stopped: Extension settings
2026-03-31 06:41:10.457: [INFO][Sync] Stopped: History Delete Directives
2026-03-31 06:41:10.457: [INFO][Sync] Stopped: Device Info
2026-03-31 06:41:10.457: [INFO][Sync] Stopped: User Consents
2026-03-31 06:41:10.457: [INFO][Sync] Stopped: Send Tab To Self
2026-03-31 06:41:10.457: [INFO][Sync] Stopped: Web Apps
2026-03-31 06:41:10.457: [INFO][Sync] Stopped: History
2026-03-31 06:41:10.457: [INFO][Sync] Stopped: Saved Tab Group
2026-03-31 06:41:10.457: [INFO][Sync] Stopped: WebAuthn Credentials
2026-03-31 06:41:10.457: [INFO][Sync] Stopped: Collection
2026-03-31 06:41:10.457: [INFO][Sync] Stopped: Edge E Drop
2026-03-31 06:41:10.457: [INFO][Sync] Stopped: Edge Hub App Usage
2026-03-31 06:41:10.457: [INFO][Sync] Stopped: Edge Wallet
2026-03-31 06:41:10.457: [INFO][Sync] Stopped: Edge Workspace
2026-03-31 06:41:10.457: [INFO][Sync] SyncState after authenticated was: NotSignedIn
2026-03-31 06:41:10.740: [INFO][Sync] Reset engine, reason: 8
2026-03-31 06:41:10.740: [INFO][Sync] Stopped: Bookmarks
2026-03-31 06:41:10.740: [INFO][Sync] Stopped: Preferences
2026-03-31 06:41:10.740: [INFO][Sync] Stopped: Passwords
2026-03-31 06:41:10.740: [INFO][Sync] Stopped: Autofill Profiles
2026-03-31 06:41:10.740: [INFO][Sync] Stopped: Autofill
2026-03-31 06:41:10.740: [INFO][Sync] Stopped: Extensions
2026-03-31 06:41:10.740: [INFO][Sync] Stopped: Sessions
2026-03-31 06:41:10.740: [INFO][Sync] Stopped: Extension settings
2026-03-31 06:41:10.740: [INFO][Sync] Stopped: History Delete Directives
2026-03-31 06:41:10.740: [INFO][Sync] Stopped: Device Info
2026-03-31 06:41:10.740: [INFO][Sync] Stopped: User Consents
2026-03-31 06:41:10.740: [INFO][Sync] Stopped: Send Tab To Self
2026-03-31 06:41:10.740: [INFO][Sync] Stopped: Web Apps
2026-03-31 06:41:10.740: [INFO][Sync] Stopped: History
2026-03-31 06:41:10.740: [INFO][Sync] Stopped: Saved Tab Group
2026-03-31 06:41:10.740: [INFO][Sync] Stopped: WebAuthn Credentials
2026-03-31 06:41:10.740: [INFO][Sync] Stopped: Collection
2026-03-31 06:41:10.740: [INFO][Sync] Stopped: Edge E Drop
2026-03-31 06:41:10.740: [INFO][Sync] Stopped: Edge Hub App Usage
2026-03-31 06:41:10.740: [INFO][Sync] Stopped: Edge Wallet
2026-03-31 06:41:10.740: [INFO][Sync] Stopped: Edge Workspace
2026-03-31 06:41:20.443: [INFO][Sync] Try to start sync engine
2026-03-31 06:41:20.449: [INFO][SyncManagerImpl::NudgeForInitialDownload] Initial download nudge for Encryption Keys
2026-03-31 06:41:20.449: [INFO][SyncEngineBackend::LoadAndConnectNigoriController] Load and connect Nigori controller
2026-03-31 06:41:20.449: [INFO][SyncEngineBackend::DoInitialize] Control Types added: Encryption Keys
2026-03-31 06:41:20.449: [INFO][SyncManagerImpl::ConfigureSyncer] Types to download: Encryption Keys with reason: 3
2026-03-31 06:41:20.449: [INFO][SyncSchedulerImpl::DoConfigurationSyncCycleJob] Configure job was blocked
2026-03-31 06:41:21.378: [INFO][SyncAuthManager::SetLastAuthError] Current auth error: None
2026-03-31 06:41:21.378: [INFO][SyncAuthManager::EdgeLogTokenErrorState] Token error with: None for account type: MSA
2026-03-31 06:41:21.378: [INFO][Sync] Credentials changed for: EdgeSyncScopeNew
2026-03-31 06:41:42.846: [INFO][SyncAuthManager::SetLastAuthError] Current auth error: None
2026-03-31 06:41:42.846: [INFO][SyncAuthManager::EdgeLogTokenErrorState] Token error with: None for account type: MSA
2026-03-31 06:41:42.846: [INFO][Sync] Credentials changed for: EdgeSyncKeyDataScope
2026-03-31 06:41:42.846: [INFO][SyncEngineBackend::DoUpdateKeyDataCredentials] Update key data credentials
2026-03-31 06:41:42.846: [INFO][SyncEngineBackend::DoUpdateCredentials] Update credentials
2026-03-31 06:41:42.846: [INFO][SyncSchedulerImpl::DoConfigurationSyncCycleJob] Blocked types:  and types to download: Encryption Keys
2026-03-31 06:41:43.685: [INFO][Sync] Started DataTypeManager configuration, reason: 4
2026-03-31 06:41:43.686: [INFO][Sync] Configuring for: Bookmarks, Preferences, Passwords, Autofill Profiles, Autofill, Extensions, Sessions, Extension settings, History Delete Directives, Device Info, User Consents, Send Tab To Self, Web Apps, History, Saved Tab Group, WebAuthn Credentials, Collection, Edge E Drop, Edge Hub App Usage, Edge Wallet, Edge Workspace, Encryption Keys, reason: 3, current state: 0
2026-03-31 06:41:43.686: [WARN][Sync] Crypto error data types: Passwords, Autofill Profiles, Autofill
2026-03-31 06:41:43.688: [INFO][Sync] Configure, desired: Bookmarks, Preferences, Extensions, Sessions, Extension settings, History Delete Directives, Device Info, User Consents, Send Tab To Self, Web Apps, History, Saved Tab Group, WebAuthn Credentials, Collection, Edge E Drop, Edge Hub App Usage, Edge Wallet, Edge Workspace, Encryption Keys; Allow fail: Passwords, Autofill Profiles, Autofill
2026-03-31 06:41:43.688: [INFO][Sync] Loading: Bookmarks
2026-03-31 06:41:43.688: [INFO][Sync] Loading: Preferences
2026-03-31 06:41:43.688: [INFO][Sync] Loading: Extensions
2026-03-31 06:41:43.688: [INFO][Sync] Loading: Sessions
2026-03-31 06:41:43.689: [INFO][Sync] Loading: Extension settings
2026-03-31 06:41:43.689: [INFO][Sync] Loading: History Delete Directives
2026-03-31 06:41:43.689: [INFO][Sync] Loading: Device Info
2026-03-31 06:41:43.689: [INFO][Sync] Loading: User Consents
2026-03-31 06:41:43.689: [INFO][Sync] Loading: Send Tab To Self
2026-03-31 06:41:43.689: [INFO][Sync] Loading: Web Apps
2026-03-31 06:41:43.689: [INFO][Sync] Loading: History
2026-03-31 06:41:43.689: [INFO][Sync] Loading: Saved Tab Group
2026-03-31 06:41:43.689: [INFO][Sync] Loading: WebAuthn Credentials
2026-03-31 06:41:43.689: [INFO][Sync] Loading: Collection
2026-03-31 06:41:43.689: [INFO][Sync] Loading: Edge E Drop
2026-03-31 06:41:43.689: [INFO][Sync] Loading: Edge Hub App Usage
2026-03-31 06:41:43.689: [INFO][Sync] Loading: Edge Wallet
2026-03-31 06:41:43.689: [INFO][Sync] Loading: Edge Workspace
2026-03-31 06:41:43.693: [INFO][Sync] All data types are ready for configure.
2026-03-31 06:41:45.001: [INFO][SyncEngineBackend::DoStartConfiguration] Start configuration
2026-03-31 06:41:45.002: [INFO][SyncManagerImpl::NudgeForInitialDownload] Initial download nudge for Bookmarks
2026-03-31 06:41:45.002: [INFO][SyncManagerImpl::NudgeForInitialDownload] Initial download nudge for Preferences
2026-03-31 06:41:45.002: [INFO][SyncManagerImpl::NudgeForInitialDownload] Initial download nudge for Extensions
2026-03-31 06:41:45.002: [INFO][SyncManagerImpl::NudgeForInitialDownload] Initial download nudge for Sessions
2026-03-31 06:41:45.002: [INFO][SyncManagerImpl::NudgeForInitialDownload] Initial download nudge for Extension settings
2026-03-31 06:41:45.002: [INFO][SyncManagerImpl::NudgeForInitialDownload] Initial download nudge for History Delete Directives
2026-03-31 06:41:45.002: [INFO][SyncManagerImpl::NudgeForInitialDownload] Initial download nudge for Device Info
2026-03-31 06:41:45.002: [INFO][SyncManagerImpl::NudgeForInitialDownload] Initial download nudge for Send Tab To Self
2026-03-31 06:41:45.002: [INFO][SyncManagerImpl::NudgeForInitialDownload] Initial download nudge for Web Apps
2026-03-31 06:41:45.002: [INFO][SyncManagerImpl::NudgeForInitialDownload] Initial download nudge for History
2026-03-31 06:41:45.002: [INFO][SyncManagerImpl::NudgeForInitialDownload] Initial download nudge for Saved Tab Group
2026-03-31 06:41:45.002: [INFO][SyncManagerImpl::NudgeForInitialDownload] Initial download nudge for WebAuthn Credentials
2026-03-31 06:41:45.002: [INFO][SyncManagerImpl::NudgeForInitialDownload] Initial download nudge for Collection
2026-03-31 06:41:45.002: [INFO][SyncManagerImpl::NudgeForInitialDownload] Initial download nudge for Edge E Drop
2026-03-31 06:41:45.002: [INFO][SyncManagerImpl::NudgeForInitialDownload] Initial download nudge for Edge Hub App Usage
2026-03-31 06:41:45.002: [INFO][SyncManagerImpl::NudgeForInitialDownload] Initial download nudge for Edge Wallet
2026-03-31 06:41:45.002: [INFO][SyncManagerImpl::NudgeForInitialDownload] Initial download nudge for Edge Workspace
2026-03-31 06:41:45.002: [INFO][SyncManagerImpl::ConfigureSyncer] Types to download:  with reason: 3
2026-03-31 06:41:45.002: [INFO][SyncEngineBackend::DoFinishConfigureDataTypes] Failed to download types:  and succeeded types: 
2026-03-31 06:41:45.010: [INFO][Sync] Started DataTypeManager configuration, reason: 5
2026-03-31 06:41:45.010: [INFO][Sync] Configuring for: Bookmarks, Preferences, Passwords, Autofill Profiles, Autofill, Extensions, Sessions, Extension settings, History Delete Directives, Device Info, User Consents, Send Tab To Self, Web Apps, History, Saved Tab Group, WebAuthn Credentials, Collection, Edge E Drop, Edge Hub App Usage, Edge Wallet, Edge Workspace, Encryption Keys, reason: 5, current state: 1
2026-03-31 06:41:45.014: [INFO][Sync] ConfigurationDone, failed: , succeeded: , remaining count: 4
2026-03-31 06:41:45.014: [WARN][Sync]     Reconfigure requested while configuration ongoing.
2026-03-31 06:41:45.014: [INFO][Sync] Configuring for: Bookmarks, Preferences, Passwords, Autofill Profiles, Autofill, Extensions, Sessions, Extension settings, History Delete Directives, Device Info, User Consents, Send Tab To Self, Web Apps, History, Saved Tab Group, WebAuthn Credentials, Collection, Edge E Drop, Edge Hub App Usage, Edge Wallet, Edge Workspace, Encryption Keys, reason: 5, current state: 2
2026-03-31 06:41:45.014: [INFO][Sync] Configure, desired: Bookmarks, Preferences, Passwords, Autofill Profiles, Autofill, Extensions, Sessions, Extension settings, History Delete Directives, Device Info, User Consents, Send Tab To Self, Web Apps, History, Saved Tab Group, WebAuthn Credentials, Collection, Edge E Drop, Edge Hub App Usage, Edge Wallet, Edge Workspace, Encryption Keys; Allow fail: 
2026-03-31 06:41:45.014: [INFO][Sync] Loading: Passwords
2026-03-31 06:41:45.014: [INFO][Sync] Loading: Autofill Profiles
2026-03-31 06:41:45.014: [INFO][Sync] Loading: Autofill
2026-03-31 06:41:45.029: [INFO][Sync] All data types are ready for configure.
2026-03-31 06:41:45.029: [INFO][SyncManagerImpl::NudgeForInitialDownload] Initial download nudge for Passwords
2026-03-31 06:41:45.029: [INFO][SyncManagerImpl::NudgeForInitialDownload] Initial download nudge for Autofill Profiles
2026-03-31 06:41:45.029: [INFO][SyncManagerImpl::NudgeForInitialDownload] Initial download nudge for Autofill
2026-03-31 06:41:45.029: [INFO][SyncManagerImpl::ConfigureSyncer] Types to download:  with reason: 5
2026-03-31 06:41:45.029: [INFO][SyncEngineBackend::DoFinishConfigureDataTypes] Failed to download types:  and succeeded types: 
2026-03-31 06:41:45.032: [INFO][Sync] ConfigurationDone, failed: , succeeded: , remaining count: 4
2026-03-31 06:41:45.032: [INFO][Sync] Prepare to configure types: Preferences, Passwords, Device Info, Send Tab To Self, Edge E Drop, Encryption Keys
2026-03-31 06:41:45.032: [INFO][SyncManagerImpl::ConfigureSyncer] Types to download: Preferences, Passwords, Device Info, Send Tab To Self, Edge E Drop, Encryption Keys with reason: 5
2026-03-31 06:41:45.032: [INFO][SyncSchedulerImpl::DoConfigurationSyncCycleJob] Blocked types:  and types to download: Preferences, Passwords, Device Info, Send Tab To Self, Edge E Drop, Encryption Keys
2026-03-31 06:41:46.328: [INFO][SyncEngineBackend::DoFinishConfigureDataTypes] Failed to download types:  and succeeded types: Preferences, Passwords, Device Info, Send Tab To Self, Edge E Drop, Encryption Keys
2026-03-31 06:41:46.387: [INFO][Sync] ConfigurationDone, failed: , succeeded: Preferences, Passwords, Device Info, Send Tab To Self, Edge E Drop, Encryption Keys, remaining count: 3
2026-03-31 06:41:46.387: [INFO][Sync] Prepare to configure types: Bookmarks, Encryption Keys
2026-03-31 06:41:46.387: [INFO][SyncManagerImpl::ConfigureSyncer] Types to download: Bookmarks, Encryption Keys with reason: 5
2026-03-31 06:41:46.387: [INFO][SyncSchedulerImpl::DoConfigurationSyncCycleJob] Blocked types:  and types to download: Bookmarks, Encryption Keys
2026-03-31 06:41:47.662: [INFO][SyncEngineBackend::DoFinishConfigureDataTypes] Failed to download types:  and succeeded types: Bookmarks, Encryption Keys
2026-03-31 06:41:47.678: [INFO][Sync] ConfigurationDone, failed: , succeeded: Bookmarks, Encryption Keys, remaining count: 2
2026-03-31 06:41:47.678: [INFO][Sync] Prepare to configure types: Autofill Profiles, Autofill, Extensions, Sessions, Extension settings, History Delete Directives, Web Apps, Saved Tab Group, WebAuthn Credentials, Collection, Edge Hub App Usage, Edge Wallet, Edge Workspace, Encryption Keys
2026-03-31 06:41:47.678: [INFO][SyncManagerImpl::ConfigureSyncer] Types to download: Autofill Profiles, Autofill, Extensions, Sessions, Extension settings, History Delete Directives, Web Apps, Saved Tab Group, WebAuthn Credentials, Collection, Edge Hub App Usage, Edge Wallet, Edge Workspace, Encryption Keys with reason: 5
2026-03-31 06:41:47.678: [INFO][SyncSchedulerImpl::DoConfigurationSyncCycleJob] Blocked types:  and types to download: Autofill Profiles, Autofill, Extensions, Sessions, Extension settings, History Delete Directives, Web Apps, Saved Tab Group, WebAuthn Credentials, Collection, Edge Hub App Usage, Edge Wallet, Edge Workspace, Encryption Keys
2026-03-31 06:41:59.754: [INFO][SyncEngineBackend::DoFinishConfigureDataTypes] Failed to download types:  and succeeded types: Autofill Profiles, Autofill, Extensions, Sessions, Extension settings, History Delete Directives, Web Apps, Saved Tab Group, WebAuthn Credentials, Collection, Edge Hub App Usage, Edge Wallet, Edge Workspace, Encryption Keys
2026-03-31 06:41:59.759: [INFO][Sync] ConfigurationDone, failed: , succeeded: Autofill Profiles, Autofill, Extensions, Sessions, Extension settings, History Delete Directives, Web Apps, Saved Tab Group, WebAuthn Credentials, Collection, Edge Hub App Usage, Edge Wallet, Edge Workspace, Encryption Keys, remaining count: 1
2026-03-31 06:41:59.762: [INFO][Sync] Prepare to configure types: History, Encryption Keys
2026-03-31 06:41:59.762: [INFO][SyncManagerImpl::ConfigureSyncer] Types to download: History, Encryption Keys with reason: 5
2026-03-31 06:41:59.763: [INFO][SyncSchedulerImpl::DoConfigurationSyncCycleJob] Blocked types:  and types to download: History, Encryption Keys
2026-03-31 06:42:01.174: [INFO][SyncEngineBackend::DoFinishConfigureDataTypes] Failed to download types:  and succeeded types: History, Encryption Keys
2026-03-31 06:42:01.180: [INFO][Sync] ConfigurationDone, failed: , succeeded: History, Encryption Keys, remaining count: 0
2026-03-31 06:42:01.184: [INFO][Sync]     Configuration completed, state: 7
2026-03-31 06:42:01.184: [INFO][Sync] Configured DataTypeManager: Ok
2026-03-31 06:42:01.188: [INFO][SyncEngineBackend::DoStartSyncing] Start syncing
2026-03-31 07:42:56.514: [INFO][Sync] Reset engine, reason: 0
2026-03-31 07:42:56.514: [INFO][Sync] Reset engine with reason: 0
